// Jest Snapshot v1, https://goo.gl/fbAQLP

exports[`Pruebas en <GifExpertApp /> Debe mostrarse correctamente 1`] = `
<Fragment>
  <h2
    className="title animate__animated animate__rubberBand"
  >
    GifExpertApp
  </h2>
  <CategoryAdd
    categories={Array []}
    setCategories={[Function]}
  />
  <hr />
  <ol />
</Fragment>
`;
